targetid,targetcode,fluxarray
129384712,"S","{1.2,12.4,3.5,8.9}"
492874,"P","{0.19874,1241.234,802983.214,3.4}"
192834712938,"","{8127.2347,12938.342,92347.3,0.001}"
